============================= test session starts =============================
platform win32 -- Python 3.13.11, pytest-8.4.2, pluggy-1.6.0
codspeed: 4.3.0 (disabled, mode: walltime, callgraph: not supported, timer_resolution: 100.0ns)
benchmark: 5.2.3 (defaults: timer=time.perf_counter disable_gc=False min_rounds=5 min_time=0.000005 max_time=1.0 calibration_precision=10 warmup=False warmup_iterations=100000)
rootdir: C:\Users\Gech\Desktop\Hire.ai\backend
plugins: anyio-4.13.0, langsmith-0.7.22, asyncio-1.3.0, benchmark-5.2.3, codspeed-4.3.0, cov-7.1.0, recording-0.13.4, socket-0.7.0, syrupy-4.9.1
asyncio: mode=Mode.STRICT, debug=False, asyncio_default_fixture_loop_scope=None, asyncio_default_test_loop_scope=function
collected 87 items

tests\test_api.py ................................F..                    [ 40%]
tests\test_auth.py ........                                              [ 49%]
tests\test_models.py ...................                                 [ 71%]
tests\test_schemas.py .........................                          [100%]

================================== FAILURES ===================================
____________ TestEdgeCases.test_create_application_invalid_job_id _____________

self = <sqlalchemy.engine.base.Connection object at 0x00000246105CA810>
dialect = <sqlalchemy.dialects.sqlite.pysqlite.SQLiteDialect_pysqlite object at 0x000002460F1C2F90>
context = <sqlalchemy.dialects.sqlite.base.SQLiteExecutionContext object at 0x00000246107175B0>
statement = <sqlalchemy.dialects.sqlite.base.SQLiteCompiler object at 0x000002461059CB50>
parameters = [(1, 99999, 'Applied', None, None, None, ...)]

    def _exec_single_context(
        self,
        dialect: Dialect,
        context: ExecutionContext,
        statement: Union[str, Compiled],
        parameters: Optional[_AnyMultiExecuteParams],
    ) -> CursorResult[Any]:
        """continue the _execute_context() method for a single DBAPI
        cursor.execute() or cursor.executemany() call.
    
        """
        if dialect.bind_typing is BindTyping.SETINPUTSIZES:
            generic_setinputsizes = context._prepare_set_input_sizes()
    
            if generic_setinputsizes:
                try:
                    dialect.do_set_input_sizes(
                        context.cursor, generic_setinputsizes, context
                    )
                except BaseException as e:
                    self._handle_dbapi_exception(
                        e, str(statement), parameters, None, context
                    )
    
        cursor, str_statement, parameters = (
            context.cursor,
            context.statement,
            context.parameters,
        )
    
        effective_parameters: Optional[_AnyExecuteParams]
    
        if not context.executemany:
            effective_parameters = parameters[0]
        else:
            effective_parameters = parameters
    
        if self._has_events or self.engine._has_events:
            for fn in self.dispatch.before_cursor_execute:
                str_statement, effective_parameters = fn(
                    self,
                    cursor,
                    str_statement,
                    effective_parameters,
                    context,
                    context.executemany,
                )
    
        if self._echo:
            self._log_info(str_statement)
    
            stats = context._get_cache_stats()
    
            if not self.engine.hide_parameters:
                self._log_info(
                    "[%s] %r",
                    stats,
                    sql_util._repr_params(
                        effective_parameters,
                        batches=10,
                        ismulti=context.executemany,
                    ),
                )
            else:
                self._log_info(
                    "[%s] [SQL parameters hidden due to hide_parameters=True]",
                    stats,
                )
    
        evt_handled: bool = False
        try:
            if context.execute_style is ExecuteStyle.EXECUTEMANY:
                effective_parameters = cast(
                    "_CoreMultiExecuteParams", effective_parameters
                )
                if self.dialect._has_events:
                    for fn in self.dialect.dispatch.do_executemany:
                        if fn(
                            cursor,
                            str_statement,
                            effective_parameters,
                            context,
                        ):
                            evt_handled = True
                            break
                if not evt_handled:
                    self.dialect.do_executemany(
                        cursor,
                        str_statement,
                        effective_parameters,
                        context,
                    )
            elif not effective_parameters and context.no_parameters:
                if self.dialect._has_events:
                    for fn in self.dialect.dispatch.do_execute_no_params:
                        if fn(cursor, str_statement, context):
                            evt_handled = True
                            break
                if not evt_handled:
                    self.dialect.do_execute_no_params(
                        cursor, str_statement, context
                    )
            else:
                effective_parameters = cast(
                    "_CoreSingleExecuteParams", effective_parameters
                )
                if self.dialect._has_events:
                    for fn in self.dialect.dispatch.do_execute:
                        if fn(
                            cursor,
                            str_statement,
                            effective_parameters,
                            context,
                        ):
                            evt_handled = True
                            break
                if not evt_handled:
>                   self.dialect.do_execute(
                        cursor, str_statement, effective_parameters, context
                    )

..\..\..\AppData\Local\Programs\Python\Python313\Lib\site-packages\sqlalchemy\engine\base.py:1967: 
_ _ _ _ _ _ _ _ _ _ _ _ _ _ _ _ _ _ _ _ _ _ _ _ _ _ _ _ _ _ _ _ _ _ _ _ _ _ _ _

self = <sqlalchemy.dialects.sqlite.pysqlite.SQLiteDialect_pysqlite object at 0x000002460F1C2F90>
cursor = <sqlite3.Cursor object at 0x0000024610725940>
statement = 'INSERT INTO applications (candidate_id, job_id, status, notice_period, current_ctc, latest_company, resume_url, cover_letter, ai_score, applied_at) VALUES (?, ?, ?, ?, ?, ?, ?, ?, ?, ?)'
parameters = (1, 99999, 'Applied', None, None, None, ...)
context = <sqlalchemy.dialects.sqlite.base.SQLiteExecutionContext object at 0x00000246107175B0>

    def do_execute(self, cursor, statement, parameters, context=None):
>       cursor.execute(statement, parameters)
E       sqlite3.IntegrityError: FOREIGN KEY constraint failed

..\..\..\AppData\Local\Programs\Python\Python313\Lib\site-packages\sqlalchemy\engine\default.py:952: IntegrityError

The above exception was the direct cause of the following exception:

self = <tests.test_api.TestEdgeCases object at 0x000002460F365D10>
client = <starlette.testclient.TestClient object at 0x00000246105C4D10>

    def test_create_application_invalid_job_id(self, client):
>       resp = client.post(
            "/api/applications", json={"job_id": 99999}
        )

tests\test_api.py:437: 
_ _ _ _ _ _ _ _ _ _ _ _ _ _ _ _ _ _ _ _ _ _ _ _ _ _ _ _ _ _ _ _ _ _ _ _ _ _ _ _
..\..\..\AppData\Local\Programs\Python\Python313\Lib\site-packages\starlette\testclient.py:546: in post
    return super().post(
..\..\..\AppData\Local\Programs\Python\Python313\Lib\site-packages\httpx\_client.py:1144: in post
    return self.request(
..\..\..\AppData\Local\Programs\Python\Python313\Lib\site-packages\starlette\testclient.py:445: in request
    return super().request(
..\..\..\AppData\Local\Programs\Python\Python313\Lib\site-packages\httpx\_client.py:825: in request
    return self.send(request, auth=auth, follow_redirects=follow_redirects)
           ^^^^^^^^^^^^^^^^^^^^^^^^^^^^^^^^^^^^^^^^^^^^^^^^^^^^^^^^^^^^^^^^
..\..\..\AppData\Local\Programs\Python\Python313\Lib\site-packages\httpx\_client.py:914: in send
    response = self._send_handling_auth(
..\..\..\AppData\Local\Programs\Python\Python313\Lib\site-packages\httpx\_client.py:942: in _send_handling_auth
    response = self._send_handling_redirects(
..\..\..\AppData\Local\Programs\Python\Python313\Lib\site-packages\httpx\_client.py:979: in _send_handling_redirects
    response = self._send_single_request(request)
               ^^^^^^^^^^^^^^^^^^^^^^^^^^^^^^^^^^
..\..\..\AppData\Local\Programs\Python\Python313\Lib\site-packages\httpx\_client.py:1014: in _send_single_request
    response = transport.handle_request(request)
               ^^^^^^^^^^^^^^^^^^^^^^^^^^^^^^^^^
..\..\..\AppData\Local\Programs\Python\Python313\Lib\site-packages\starlette\testclient.py:348: in handle_request
    raise exc
..\..\..\AppData\Local\Programs\Python\Python313\Lib\site-packages\starlette\testclient.py:345: in handle_request
    portal.call(self.app, scope, receive, send)
..\..\..\AppData\Local\Programs\Python\Python313\Lib\site-packages\anyio\from_thread.py:334: in call
    return cast(T_Retval, self.start_task_soon(func, *args).result())
                          ^^^^^^^^^^^^^^^^^^^^^^^^^^^^^^^^^^^^^^^^^^
..\..\..\AppData\Local\Programs\Python\Python313\Lib\concurrent\futures\_base.py:456: in result
    return self.__get_result()
           ^^^^^^^^^^^^^^^^^^^
..\..\..\AppData\Local\Programs\Python\Python313\Lib\concurrent\futures\_base.py:401: in __get_result
    raise self._exception
..\..\..\AppData\Local\Programs\Python\Python313\Lib\site-packages\anyio\from_thread.py:259: in _call_func
    retval = await retval_or_awaitable
             ^^^^^^^^^^^^^^^^^^^^^^^^^
..\..\..\AppData\Local\Programs\Python\Python313\Lib\site-packages\fastapi\applications.py:1159: in __call__
    await super().__call__(scope, receive, send)
..\..\..\AppData\Local\Programs\Python\Python313\Lib\site-packages\starlette\applications.py:90: in __call__
    await self.middleware_stack(scope, receive, send)
..\..\..\AppData\Local\Programs\Python\Python313\Lib\site-packages\starlette\middleware\errors.py:186: in __call__
    raise exc
..\..\..\AppData\Local\Programs\Python\Python313\Lib\site-packages\starlette\middleware\errors.py:164: in __call__
    await self.app(scope, receive, _send)
..\..\..\AppData\Local\Programs\Python\Python313\Lib\site-packages\starlette\middleware\cors.py:88: in __call__
    await self.app(scope, receive, send)
..\..\..\AppData\Local\Programs\Python\Python313\Lib\site-packages\starlette\middleware\exceptions.py:63: in __call__
    await wrap_app_handling_exceptions(self.app, conn)(scope, receive, send)
..\..\..\AppData\Local\Programs\Python\Python313\Lib\site-packages\starlette\_exception_handler.py:53: in wrapped_app
    raise exc
..\..\..\AppData\Local\Programs\Python\Python313\Lib\site-packages\starlette\_exception_handler.py:42: in wrapped_app
    await app(scope, receive, sender)
..\..\..\AppData\Local\Programs\Python\Python313\Lib\site-packages\fastapi\middleware\asyncexitstack.py:18: in __call__
    await self.app(scope, receive, send)
..\..\..\AppData\Local\Programs\Python\Python313\Lib\site-packages\starlette\routing.py:660: in __call__
    await self.middleware_stack(scope, receive, send)
..\..\..\AppData\Local\Programs\Python\Python313\Lib\site-packages\starlette\routing.py:680: in app
    await route.handle(scope, receive, send)
..\..\..\AppData\Local\Programs\Python\Python313\Lib\site-packages\starlette\routing.py:276: in handle
    await self.app(scope, receive, send)
..\..\..\AppData\Local\Programs\Python\Python313\Lib\site-packages\fastapi\routing.py:134: in app
    await wrap_app_handling_exceptions(app, request)(scope, receive, send)
..\..\..\AppData\Local\Programs\Python\Python313\Lib\site-packages\starlette\_exception_handler.py:53: in wrapped_app
    raise exc
..\..\..\AppData\Local\Programs\Python\Python313\Lib\site-packages\starlette\_exception_handler.py:42: in wrapped_app
    await app(scope, receive, sender)
..\..\..\AppData\Local\Programs\Python\Python313\Lib\site-packages\fastapi\routing.py:120: in app
    response = await f(request)
               ^^^^^^^^^^^^^^^^
..\..\..\AppData\Local\Programs\Python\Python313\Lib\site-packages\fastapi\routing.py:674: in app
    raw_response = await run_endpoint_function(
..\..\..\AppData\Local\Programs\Python\Python313\Lib\site-packages\fastapi\routing.py:330: in run_endpoint_function
    return await run_in_threadpool(dependant.call, **values)
           ^^^^^^^^^^^^^^^^^^^^^^^^^^^^^^^^^^^^^^^^^^^^^^^^^
..\..\..\AppData\Local\Programs\Python\Python313\Lib\site-packages\starlette\concurrency.py:32: in run_in_threadpool
    return await anyio.to_thread.run_sync(func)
           ^^^^^^^^^^^^^^^^^^^^^^^^^^^^^^^^^^^^
..\..\..\AppData\Local\Programs\Python\Python313\Lib\site-packages\anyio\to_thread.py:63: in run_sync
    return await get_async_backend().run_sync_in_worker_thread(
..\..\..\AppData\Local\Programs\Python\Python313\Lib\site-packages\anyio\_backends\_asyncio.py:2518: in run_sync_in_worker_thread
    return await future
           ^^^^^^^^^^^^
..\..\..\AppData\Local\Programs\Python\Python313\Lib\site-packages\anyio\_backends\_asyncio.py:1002: in run
    result = context.run(func, *args)
             ^^^^^^^^^^^^^^^^^^^^^^^^
main.py:182: in create_application
    db.commit()
..\..\..\AppData\Local\Programs\Python\Python313\Lib\site-packages\sqlalchemy\orm\session.py:2030: in commit
    trans.commit(_to_root=True)
<string>:2: in commit
    ???
..\..\..\AppData\Local\Programs\Python\Python313\Lib\site-packages\sqlalchemy\orm\state_changes.py:137: in _go
    ret_value = fn(self, *arg, **kw)
                ^^^^^^^^^^^^^^^^^^^^
..\..\..\AppData\Local\Programs\Python\Python313\Lib\site-packages\sqlalchemy\orm\session.py:1311: in commit
    self._prepare_impl()
<string>:2: in _prepare_impl
    ???
..\..\..\AppData\Local\Programs\Python\Python313\Lib\site-packages\sqlalchemy\orm\state_changes.py:137: in _go
    ret_value = fn(self, *arg, **kw)
                ^^^^^^^^^^^^^^^^^^^^
..\..\..\AppData\Local\Programs\Python\Python313\Lib\site-packages\sqlalchemy\orm\session.py:1286: in _prepare_impl
    self.session.flush()
..\..\..\AppData\Local\Programs\Python\Python313\Lib\site-packages\sqlalchemy\orm\session.py:4331: in flush
    self._flush(objects)
..\..\..\AppData\Local\Programs\Python\Python313\Lib\site-packages\sqlalchemy\orm\session.py:4466: in _flush
    with util.safe_reraise():
         ^^^^^^^^^^^^^^^^^^^
..\..\..\AppData\Local\Programs\Python\Python313\Lib\site-packages\sqlalchemy\util\langhelpers.py:121: in __exit__
    raise exc_value.with_traceback(exc_tb)
..\..\..\AppData\Local\Programs\Python\Python313\Lib\site-packages\sqlalchemy\orm\session.py:4427: in _flush
    flush_context.execute()
..\..\..\AppData\Local\Programs\Python\Python313\Lib\site-packages\sqlalchemy\orm\unitofwork.py:466: in execute
    rec.execute(self)
..\..\..\AppData\Local\Programs\Python\Python313\Lib\site-packages\sqlalchemy\orm\unitofwork.py:642: in execute
    util.preloaded.orm_persistence.save_obj(
..\..\..\AppData\Local\Programs\Python\Python313\Lib\site-packages\sqlalchemy\orm\persistence.py:93: in save_obj
    _emit_insert_statements(
..\..\..\AppData\Local\Programs\Python\Python313\Lib\site-packages\sqlalchemy\orm\persistence.py:1233: in _emit_insert_statements
    result = connection.execute(
..\..\..\AppData\Local\Programs\Python\Python313\Lib\site-packages\sqlalchemy\engine\base.py:1419: in execute
    return meth(
..\..\..\AppData\Local\Programs\Python\Python313\Lib\site-packages\sqlalchemy\sql\elements.py:527: in _execute_on_connection
    return connection._execute_clauseelement(
..\..\..\AppData\Local\Programs\Python\Python313\Lib\site-packages\sqlalchemy\engine\base.py:1641: in _execute_clauseelement
    ret = self._execute_context(
..\..\..\AppData\Local\Programs\Python\Python313\Lib\site-packages\sqlalchemy\engine\base.py:1846: in _execute_context
    return self._exec_single_context(
..\..\..\AppData\Local\Programs\Python\Python313\Lib\site-packages\sqlalchemy\engine\base.py:1986: in _exec_single_context
    self._handle_dbapi_exception(
..\..\..\AppData\Local\Programs\Python\Python313\Lib\site-packages\sqlalchemy\engine\base.py:2363: in _handle_dbapi_exception
    raise sqlalchemy_exception.with_traceback(exc_info[2]) from e
..\..\..\AppData\Local\Programs\Python\Python313\Lib\site-packages\sqlalchemy\engine\base.py:1967: in _exec_single_context
    self.dialect.do_execute(
_ _ _ _ _ _ _ _ _ _ _ _ _ _ _ _ _ _ _ _ _ _ _ _ _ _ _ _ _ _ _ _ _ _ _ _ _ _ _ _

self = <sqlalchemy.dialects.sqlite.pysqlite.SQLiteDialect_pysqlite object at 0x000002460F1C2F90>
cursor = <sqlite3.Cursor object at 0x0000024610725940>
statement = 'INSERT INTO applications (candidate_id, job_id, status, notice_period, current_ctc, latest_company, resume_url, cover_letter, ai_score, applied_at) VALUES (?, ?, ?, ?, ?, ?, ?, ?, ?, ?)'
parameters = (1, 99999, 'Applied', None, None, None, ...)
context = <sqlalchemy.dialects.sqlite.base.SQLiteExecutionContext object at 0x00000246107175B0>

    def do_execute(self, cursor, statement, parameters, context=None):
>       cursor.execute(statement, parameters)
E       sqlalchemy.exc.IntegrityError: (sqlite3.IntegrityError) FOREIGN KEY constraint failed
E       [SQL: INSERT INTO applications (candidate_id, job_id, status, notice_period, current_ctc, latest_company, resume_url, cover_letter, ai_score, applied_at) VALUES (?, ?, ?, ?, ?, ?, ?, ?, ?, ?)]
E       [parameters: (1, 99999, 'Applied', None, None, None, None, None, None, '2026-04-01 16:24:04.521571')]
E       (Background on this error at: https://sqlalche.me/e/20/gkpj)

..\..\..\AppData\Local\Programs\Python\Python313\Lib\site-packages\sqlalchemy\engine\default.py:952: IntegrityError
============================== warnings summary ===============================
schemas.py:35
  C:\Users\Gech\Desktop\Hire.ai\backend\schemas.py:35: PydanticDeprecatedSince20: Support for class-based `config` is deprecated, use ConfigDict instead. Deprecated in Pydantic V2.0 to be removed in V3.0. See Pydantic V2 Migration Guide at https://errors.pydantic.dev/2.12/migration/
    class UserOut(UserBase):

schemas.py:65
  C:\Users\Gech\Desktop\Hire.ai\backend\schemas.py:65: PydanticDeprecatedSince20: Support for class-based `config` is deprecated, use ConfigDict instead. Deprecated in Pydantic V2.0 to be removed in V3.0. See Pydantic V2 Migration Guide at https://errors.pydantic.dev/2.12/migration/
    class CompanyOut(CompanyBase):

schemas.py:92
  C:\Users\Gech\Desktop\Hire.ai\backend\schemas.py:92: PydanticDeprecatedSince20: Support for class-based `config` is deprecated, use ConfigDict instead. Deprecated in Pydantic V2.0 to be removed in V3.0. See Pydantic V2 Migration Guide at https://errors.pydantic.dev/2.12/migration/
    class JobOut(JobBase):

schemas.py:125
  C:\Users\Gech\Desktop\Hire.ai\backend\schemas.py:125: PydanticDeprecatedSince20: Support for class-based `config` is deprecated, use ConfigDict instead. Deprecated in Pydantic V2.0 to be removed in V3.0. See Pydantic V2 Migration Guide at https://errors.pydantic.dev/2.12/migration/
    class ApplicationOut(ApplicationBase):

schemas.py:150
  C:\Users\Gech\Desktop\Hire.ai\backend\schemas.py:150: PydanticDeprecatedSince20: Support for class-based `config` is deprecated, use ConfigDict instead. Deprecated in Pydantic V2.0 to be removed in V3.0. See Pydantic V2 Migration Guide at https://errors.pydantic.dev/2.12/migration/
    class AssessmentOut(BaseModel):

schemas.py:172
  C:\Users\Gech\Desktop\Hire.ai\backend\schemas.py:172: PydanticDeprecatedSince20: Support for class-based `config` is deprecated, use ConfigDict instead. Deprecated in Pydantic V2.0 to be removed in V3.0. See Pydantic V2 Migration Guide at https://errors.pydantic.dev/2.12/migration/
    class InterviewOut(BaseModel):

tests/test_api.py: 83 warnings
tests/test_models.py: 54 warnings
  C:\Users\Gech\AppData\Local\Programs\Python\Python313\Lib\site-packages\sqlalchemy\sql\schema.py:3624: DeprecationWarning: datetime.datetime.utcnow() is deprecated and scheduled for removal in a future version. Use timezone-aware objects to represent datetimes in UTC: datetime.datetime.now(datetime.UTC).
    return util.wrap_callable(lambda ctx: fn(), fn)  # type: ignore

-- Docs: https://docs.pytest.org/en/stable/how-to/capture-warnings.html
=========================== short test summary info ===========================
FAILED tests/test_api.py::TestEdgeCases::test_create_application_invalid_job_id
================= 1 failed, 86 passed, 143 warnings in 8.37s ==================
